# servo_sweep log
# mode=burst duration=300 min_ticks=102 max_ticks=511 center_ticks=307
# motion_ms=5000 still_ms=5000 burst_period_ms=1000
# timestamp = CLOCK_REALTIME microseconds at host i2c_write call
# actual PWM wire edge appears ~100us after timestamp
# columns: timestamp_us,event,ticks
1790290729717004,START,307
1790290729917759,MOTION_PHASE_START,0
1790290729917799,TO_MAX,511
1790290730918542,TO_MIN,102
1790290731925591,TO_MAX,511
1790290732926614,TO_MIN,102
1790290733927417,TO_MAX,511
1790290734928192,STILL_PHASE_START,307
1790290739928961,MOTION_PHASE_START,0
1790290739929021,TO_MAX,511
1790290740929766,TO_MIN,102
1790290741930646,TO_MAX,511
1790290742931414,TO_MIN,102
1790290743932157,TO_MAX,511
1790290744932976,STILL_PHASE_START,307
1790290749933809,MOTION_PHASE_START,0
1790290749933864,TO_MAX,511
1790290750934622,TO_MIN,102
1790290751935434,TO_MAX,511
1790290752936197,TO_MIN,102
1790290753936910,TO_MAX,511
1790290754937618,STILL_PHASE_START,307
1790290759938371,MOTION_PHASE_START,0
1790290759938477,TO_MAX,511
1790290760939235,TO_MIN,102
1790290761940013,TO_MAX,511
1790290762940720,TO_MIN,102
1790290763941458,TO_MAX,511
1790290764942228,STILL_PHASE_START,307
1790290769942973,MOTION_PHASE_START,0
1790290769943088,TO_MAX,511
1790290770943838,TO_MIN,102
1790290771944588,TO_MAX,511
1790290772945332,TO_MIN,102
1790290773946040,TO_MAX,511
1790290774946765,STILL_PHASE_START,307
1790290779947545,MOTION_PHASE_START,0
1790290779947609,TO_MAX,511
1790290780948341,TO_MIN,102
1790290781949046,TO_MAX,511
1790290782949767,TO_MIN,102
1790290783950541,TO_MAX,511
1790290784951302,STILL_PHASE_START,307
1790290789952008,MOTION_PHASE_START,0
1790290789952056,TO_MAX,511
1790290790952749,TO_MIN,102
1790290791953491,TO_MAX,511
1790290792954276,TO_MIN,102
1790290793955037,TO_MAX,511
1790290794955745,STILL_PHASE_START,307
1790290799956460,MOTION_PHASE_START,0
1790290799956500,TO_MAX,511
1790290800957196,TO_MIN,102
1790290801957968,TO_MAX,511
1790290802958740,TO_MIN,102
1790290803959521,TO_MAX,511
1790290804960237,STILL_PHASE_START,307
1790290809960966,MOTION_PHASE_START,0
1790290809961039,TO_MAX,511
1790290810961780,TO_MIN,102
1790290811962520,TO_MAX,511
1790290812963242,TO_MIN,102
1790290813964014,TO_MAX,511
1790290814964772,STILL_PHASE_START,307
1790290819965536,MOTION_PHASE_START,0
1790290819965605,TO_MAX,511
1790290820966304,TO_MIN,102
1790290821967022,TO_MAX,511
1790290822967784,TO_MIN,102
1790290823968549,TO_MAX,511
1790290824969309,STILL_PHASE_START,307
1790290829970043,MOTION_PHASE_START,0
1790290829970106,TO_MAX,511
1790290830970821,TO_MIN,102
1790290831971553,TO_MAX,511
1790290832972275,TO_MIN,102
1790290833973020,TO_MAX,511
1790290834973779,STILL_PHASE_START,307
1790290839974534,MOTION_PHASE_START,0
1790290839974574,TO_MAX,511
1790290840975287,TO_MIN,102
1790290841976016,TO_MAX,511
1790290842976779,TO_MIN,102
1790290843977502,TO_MAX,511
1790290844978281,STILL_PHASE_START,307
1790290849979015,MOTION_PHASE_START,0
1790290849979051,TO_MAX,511
1790290850979742,TO_MIN,102
1790290851980497,TO_MAX,511
1790290852981242,TO_MIN,102
1790290853981949,TO_MAX,511
1790290854982659,STILL_PHASE_START,307
1790290859983396,MOTION_PHASE_START,0
1790290859983448,TO_MAX,511
1790290860984171,TO_MIN,102
1790290861985200,TO_MAX,511
1790290862986006,TO_MIN,102
1790290863986814,TO_MAX,511
1790290864987533,STILL_PHASE_START,307
1790290869988258,MOTION_PHASE_START,0
1790290869988318,TO_MAX,511
1790290870989060,TO_MIN,102
1790290871989825,TO_MAX,511
1790290872990587,TO_MIN,102
1790290873991335,TO_MAX,511
1790290874992118,STILL_PHASE_START,307
1790290879992844,MOTION_PHASE_START,0
1790290879992914,TO_MAX,511
1790290880993635,TO_MIN,102
1790290881994393,TO_MAX,511
1790290882995138,TO_MIN,102
1790290883995902,TO_MAX,511
1790290884996640,STILL_PHASE_START,307
1790290889997358,MOTION_PHASE_START,0
1790290889997404,TO_MAX,511
1790290890998125,TO_MIN,102
1790290891998839,TO_MAX,511
1790290892999559,TO_MIN,102
1790290894000294,TO_MAX,511
1790290895001013,STILL_PHASE_START,307
1790290900001795,MOTION_PHASE_START,0
1790290900001870,TO_MAX,511
1790290901002628,TO_MIN,102
1790290902003415,TO_MAX,511
1790290903004144,TO_MIN,102
1790290904004905,TO_MAX,511
1790290905005653,STILL_PHASE_START,307
1790290910006402,MOTION_PHASE_START,0
1790290910006437,TO_MAX,511
1790290911007167,TO_MIN,102
1790290912007905,TO_MAX,511
1790290913008677,TO_MIN,102
1790290914009417,TO_MAX,511
1790290915010155,STILL_PHASE_START,307
1790290920010895,MOTION_PHASE_START,0
1790290920010946,TO_MAX,511
1790290921011682,TO_MIN,102
1790290922012445,TO_MAX,511
1790290923013227,TO_MIN,102
1790290924014015,TO_MAX,511
1790290925014785,STILL_PHASE_START,307
1790290930015504,MOTION_PHASE_START,0
1790290930015546,TO_MAX,511
1790290931016257,TO_MIN,102
1790290932017012,TO_MAX,511
1790290933017779,TO_MIN,102
1790290934018564,TO_MAX,511
1790290935019619,STILL_PHASE_START,307
1790290940020411,MOTION_PHASE_START,0
1790290940020461,TO_MAX,511
1790290941021152,TO_MIN,102
1790290942021876,TO_MAX,511
1790290943022691,TO_MIN,102
1790290944023439,TO_MAX,511
1790290945024193,STILL_PHASE_START,307
1790290950024970,MOTION_PHASE_START,0
1790290950025009,TO_MAX,511
1790290951025737,TO_MIN,102
1790290952026480,TO_MAX,511
1790290953027277,TO_MIN,102
1790290954028059,TO_MAX,511
1790290955028830,STILL_PHASE_START,307
1790290960029583,MOTION_PHASE_START,0
1790290960029634,TO_MAX,511
1790290961030336,TO_MIN,102
1790290962031126,TO_MAX,511
1790290963031863,TO_MIN,102
1790290964032577,TO_MAX,511
1790290965033332,STILL_PHASE_START,307
1790290970034113,MOTION_PHASE_START,0
1790290970034170,TO_MAX,511
1790290971034912,TO_MIN,102
1790290972035671,TO_MAX,511
1790290973036396,TO_MIN,102
1790290974037118,TO_MAX,511
1790290975037896,STILL_PHASE_START,307
1790290980038666,MOTION_PHASE_START,0
1790290980038770,TO_MAX,511
1790290981039504,TO_MIN,102
1790290982040225,TO_MAX,511
1790290983040963,TO_MIN,102
1790290984041737,TO_MAX,511
1790290985042482,STILL_PHASE_START,307
1790290990043254,MOTION_PHASE_START,0
1790290990043317,TO_MAX,511
1790290991044028,TO_MIN,102
1790290992044752,TO_MAX,511
1790290993045523,TO_MIN,102
1790290994046295,TO_MAX,511
1790290995047045,STILL_PHASE_START,307
1790291000047829,MOTION_PHASE_START,0
1790291000047884,TO_MAX,511
1790291001048585,TO_MIN,102
1790291002049295,TO_MAX,511
1790291003050006,TO_MIN,102
1790291004050761,TO_MAX,511
1790291005051533,STILL_PHASE_START,307
1790291010052251,MOTION_PHASE_START,0
1790291010052302,TO_MAX,511
1790291011053016,TO_MIN,102
1790291012053762,TO_MAX,511
1790291013054531,TO_MIN,102
1790291014055289,TO_MAX,511
1790291015056005,STILL_PHASE_START,307
1790291020056757,MOTION_PHASE_START,0
1790291020057032,TO_MAX,511
1790291021057772,TO_MIN,102
1790291022058531,TO_MAX,511
1790291023059289,TO_MIN,102
1790291024060052,TO_MAX,511
1790291025060811,STILL_PHASE_START,307
1790291030061558,END,307
